// Jest Snapshot v1, https://goo.gl/fbAQLP

exports[`deletes and restores grouped shapes creates a group: data after mount from file 1`] = `
Object {
  "code": Object {
    "file0": Object {
      "code": "",
      "id": "file0",
      "name": "index.ts",
    },
  },
  "id": "0001",
  "name": "My Document",
  "pages": Object {
    "page1": Object {
      "childIndex": 0,
      "id": "page1",
      "name": "Page 1",
      "shapes": Object {
        "1f6c251c-e12e-40b4-8dd2-c1847d80b72f": Object {
          "childIndex": 24,
          "id": "1f6c251c-e12e-40b4-8dd2-c1847d80b72f",
          "isAspectRatioLocked": false,
          "isGenerated": false,
          "isHidden": false,
          "isLocked": false,
          "name": "Rectangle",
          "parentId": "page1",
          "point": Array [
            0,
            0,
          ],
          "radius": 2,
          "rotation": 0,
          "seed": 0.6440313303074272,
          "size": Array [
            67.22075383450237,
            72.92795609221832,
          ],
          "style": Object {
            "color": "Black",
            "dash": "Solid",
            "isFilled": false,
            "size": "Small",
          },
          "type": "rectangle",
        },
        "5ca167d7-54de-47c9-aa8f-86affa25e44d": Object {
          "bend": 0,
          "childIndex": 16,
          "decorations": Object {
            "end": null,
            "middle": null,
            "start": null,
          },
          "handles": Object {
            "bend": Object {
              "id": "bend",
              "index": 2,
              "point": Array [
                3.2518097616315345,
                140.54510317291172,
              ],
            },
            "end": Object {
              "id": "end",
              "index": 1,
              "point": Array [
                0,
                0,
              ],
            },
            "start": Object {
              "id": "start",
              "index": 0,
              "point": Array [
                6.503619523263069,
                281.09020634582345,
              ],
            },
          },
          "id": "5ca167d7-54de-47c9-aa8f-86affa25e44d",
          "isAspectRatioLocked": false,
          "isGenerated": false,
          "isHidden": false,
          "isLocked": false,
          "name": "Arrow",
          "parentId": "page1",
          "point": Array [
            100,
            100,
          ],
          "points": Array [
            Array [
              6.503619523263069,
              281.09020634582345,
            ],
            Array [
              0,
              0,
            ],
          ],
          "rotation": 0,
          "seed": 0.08116783083496548,
          "style": Object {
            "color": "Black",
            "dash": "Solid",
            "isFilled": false,
            "size": "Small",
          },
          "type": "arrow",
        },
      },
      "type": "page",
    },
  },
}
`;
